// Jest Snapshot v1, https://goo.gl/fbAQLP

exports[`IntentModal component renders as expected 1`] = `
<Modal
  className="styles__intentModal___1aYIb"
  closable={true}
  closeBtnClassName="styles__intentModal__cross___1Hfuz"
  dismissAction={[Function]}
  into="body"
  mobileFullscreen={false}
  overflowHidden={true}
  primaryType="regular"
  secondaryType="secondary"
  size="small"
>
  <withClient(IntentIframe)
    action="ANY"
    create={[MockFunction createMock]}
    data={
      Object {
        "key": "value",
      }
    }
    onCancel={[Function]}
    onError={[MockFunction onErrorMock]}
    onTerminate={[MockFunction onCompleteMock]}
    type="io.cozy.whatever"
  />
</Modal>
`;
